// Jest Snapshot v1, https://goo.gl/fbAQLP

exports[`Prompt should call usePrompt with parameter 1`] = `null`;
